**** Testing MPI_Cart_coords etc ****
96 at [72368], id = 0 pe_struct.c[76]
96 at [72158], id = 0 pe_struct.c[76]
96 at [71f48], id = 0 pe_struct.c[76]
96 at [71d38], id = 0 pe_struct.c[76]
96 at [71c88], id = 0 pe_contig.c[50]
96 at [71bd8], id = 0 pe_contig.c[50]
96 at [71b28], id = 0 pe_contig.c[50]
96 at [71a78], id = 0 pe_contig.c[50]
96 at [719c8], id = 0 pe_contig.c[50]
96 at [71918], id = 0 init.c[439]
96 at [71868], id = 0 init.c[436]
96 at [717b8], id = 0 init.c[420]
96 at [71708], id = 0 init.c[401]
96 at [71658], id = 0 init.c[387]
# The maximum space allocated was 35532 bytes [0]
96 at [72368], id = 0 pe_struct.c[76]
96 at [72158], id = 0 pe_struct.c[76]
96 at [71f48], id = 0 pe_struct.c[76]
96 at [71d38], id = 0 pe_struct.c[76]
96 at [71c88], id = 0 pe_contig.c[50]
96 at [71bd8], id = 0 pe_contig.c[50]
96 at [71b28], id = 0 pe_contig.c[50]
96 at [71a78], id = 0 pe_contig.c[50]
96 at [719c8], id = 0 pe_contig.c[50]
96 at [71918], id = 0 init.c[439]
96 at [71868], id = 0 init.c[436]
96 at [717b8], id = 0 init.c[420]
96 at [71708], id = 0 init.c[401]
96 at [71658], id = 0 init.c[387]
# The maximum space allocated was 35532 bytes [0]
96 at [72378], id = 0 pe_struct.c[76]
96 at [72168], id = 0 pe_struct.c[76]
96 at [71f58], id = 0 pe_struct.c[76]
96 at [71d48], id = 0 pe_struct.c[76]
96 at [71c98], id = 0 pe_contig.c[50]
96 at [71be8], id = 0 pe_contig.c[50]
96 at [71b38], id = 0 pe_contig.c[50]
96 at [71a88], id = 0 pe_contig.c[50]
96 at [719d8], id = 0 pe_contig.c[50]
96 at [71928], id = 0 init.c[439]
96 at [71878], id = 0 init.c[436]
96 at [717c8], id = 0 init.c[420]
96 at [71718], id = 0 init.c[401]
96 at [71668], id = 0 init.c[387]
# The maximum space allocated was 35532 bytes [0]
All processes completed test
96 at [7f9b8], id = 0 pe_struct.c[76]
96 at [7f7a8], id = 0 pe_struct.c[76]
96 at [7f598], id = 0 pe_struct.c[76]
96 at [7f388], id = 0 pe_struct.c[76]
96 at [7f2d8], id = 0 pe_contig.c[50]
96 at [7f228], id = 0 pe_contig.c[50]
96 at [7f178], id = 0 pe_contig.c[50]
96 at [7f0c8], id = 0 pe_contig.c[50]
96 at [7f018], id = 0 pe_contig.c[50]
96 at [7ef68], id = 0 init.c[439]
96 at [7eeb8], id = 0 init.c[436]
96 at [7ee08], id = 0 init.c[420]
96 at [7ed58], id = 0 init.c[401]
96 at [7eca8], id = 0 init.c[387]
# The maximum space allocated was 82076 bytes [0]
**** Testing MPI_Cart_coords etc ****
