*** Testing cart1 from Fortran ***
# The maximum space allocated was 6096 bytes [0]
# The maximum space allocated was 6096 bytes [0]
# The maximum space allocated was 6096 bytes [0]
 Done with   0 ERRORS!
# The maximum space allocated was 5060 bytes [0]
*** Testing cart1 from Fortran ***
