**** Testing MPI_Cart_create etc ****
96 at [746d0], id = 0 pe_struct.c[76]
96 at [744c0], id = 0 pe_struct.c[76]
96 at [742b0], id = 0 pe_struct.c[76]
96 at [740a0], id = 0 pe_struct.c[76]
96 at [73ff0], id = 0 pe_contig.c[50]
96 at [73f40], id = 0 pe_contig.c[50]
96 at [73e90], id = 0 pe_contig.c[50]
96 at [73de0], id = 0 pe_contig.c[50]
96 at [73d30], id = 0 pe_contig.c[50]
96 at [73c80], id = 0 init.c[439]
96 at [73bd0], id = 0 init.c[436]
96 at [73b20], id = 0 init.c[420]
96 at [73a70], id = 0 init.c[401]
96 at [739c0], id = 0 init.c[387]
# The maximum space allocated was 36116 bytes [0]
96 at [746e0], id = 0 pe_struct.c[76]
96 at [744d0], id = 0 pe_struct.c[76]
96 at [742c0], id = 0 pe_struct.c[76]
96 at [740b0], id = 0 pe_struct.c[76]
96 at [74000], id = 0 pe_contig.c[50]
96 at [73f50], id = 0 pe_contig.c[50]
96 at [73ea0], id = 0 pe_contig.c[50]
96 at [73df0], id = 0 pe_contig.c[50]
96 at [73d40], id = 0 pe_contig.c[50]
96 at [73c90], id = 0 init.c[439]
96 at [73be0], id = 0 init.c[436]
96 at [73b30], id = 0 init.c[420]
96 at [73a80], id = 0 init.c[401]
96 at [739d0], id = 0 init.c[387]
# The maximum space allocated was 36116 bytes [0]
96 at [746d0], id = 0 pe_struct.c[76]
96 at [744c0], id = 0 pe_struct.c[76]
96 at [742b0], id = 0 pe_struct.c[76]
96 at [740a0], id = 0 pe_struct.c[76]
96 at [73ff0], id = 0 pe_contig.c[50]
96 at [73f40], id = 0 pe_contig.c[50]
96 at [73e90], id = 0 pe_contig.c[50]
96 at [73de0], id = 0 pe_contig.c[50]
96 at [73d30], id = 0 pe_contig.c[50]
96 at [73c80], id = 0 init.c[439]
96 at [73bd0], id = 0 init.c[436]
96 at [73b20], id = 0 init.c[420]
96 at [73a70], id = 0 init.c[401]
96 at [739c0], id = 0 init.c[387]
# The maximum space allocated was 36116 bytes [0]
All processes completed test
96 at [81d20], id = 0 pe_struct.c[76]
96 at [81b10], id = 0 pe_struct.c[76]
96 at [81900], id = 0 pe_struct.c[76]
96 at [816f0], id = 0 pe_struct.c[76]
96 at [81640], id = 0 pe_contig.c[50]
96 at [81590], id = 0 pe_contig.c[50]
96 at [814e0], id = 0 pe_contig.c[50]
96 at [81430], id = 0 pe_contig.c[50]
96 at [81380], id = 0 pe_contig.c[50]
96 at [812d0], id = 0 init.c[439]
96 at [81220], id = 0 init.c[436]
96 at [81170], id = 0 init.c[420]
96 at [810c0], id = 0 init.c[401]
96 at [81010], id = 0 init.c[387]
# The maximum space allocated was 82504 bytes [0]
**** Testing MPI_Cart_create etc ****
