*** Testing twod from Fortran ***
*** Testing twod from Fortran ***
